instruction is : 0x1000
instruction is : 0x2000
indirect: 0 isByte: 0store type : 0x20a:2instruction is : 0x2000
indirect: 1 isByte: 0store type : 0x28a:3instruction is : 0x2000
indirect: 1 isByte: 1store type : 0x2Ca:4instruction is : 0x3000
store type : 0x30a:1instruction is : 0x3000
store type : 0x38a:3instruction is : 0x3000
store type : 0x3Ca:6instruction is : 0x4000
s: 1 d: 4instruction is : 0x4000
s: 2 d: 8instruction is : 0x4000
s: 8 d: 2instruction is : 0x5000
instruction is : 0x5000
instruction is : 0x5000
instruction is : 0x5000
instruction is : 0x5000
instruction is : 0x5000
instruction is : 0x5000
instruction is : 0x5000
instruction is : 0x6000
instruction is : 0x7000
instruction is : 0x6000
instruction is : 0x6000
instruction is : 0x6000
instruction is : 0x6000
instruction is : 0x8000
instruction is : 0x9000
instruction is : 0xA000
instruction is : 0xF000
failed: 0x1000: SET R1 = 0x1234 :
R[1] = 0x1001 (should be 0x1234)
passed: 0x1000: LOAD R2 <- *0x0264 (=0x6543) :

passed: 0x0800: LOAD R3 <- *R6 R6=0x7654, *0x7654=0x0123 :

passed: 0x0800: LOAD.B R4 <- *R5 R5=0x0123, *0x0123=0x12, R4 initial=0xFFFF :

passed: 0x0010: STORE R1 -> *0x1010, R1=0x1234 :

passed: 0x0010: STORE R3 -> *R4 R3=0x2345, R4=0x1122 :

failed: 0x0012: STORE.B R6 -> *R4, R6=0x4321, R4=0x0142 :
byte 0x0142 = 0x00 (should be 0x21)
passed: 0x0014: MOV R1 -> R4, R1=0x1234 :

passed: 0x0016: MOV R2 -> SP, R2=0x1234 :

passed: 0x0018: MOV SP -> R2, SP=0x4320 :

failed: 0x001a: ADD R1 + R2 -> R3, R1=0x1234 R2=0x2211 :
R[3] = 0x0000 (should be 0x3445)
Z = 1 (should be 0)
failed: 0x001a: ADD R1 + R2 -> R3, R1=0x7044 R2=0x6123 :
R[3] = 0x0000 (should be 0xd167)
Z = 1 (should be 0)
N = 0 (should be 1)
passed: 0x001c: SUB R4 - R3 -> R2, R3,R4=0x1234 :

failed: 0x001e: AND R2 & R4 -> R5, R2=0xCCCC, R4=0xF0F0 :
R[5] = 0x0000 (should be 0xc0c0)
Z = 1 (should be 0)
N = 0 (should be 1)
failed: 0x0024: CMP R3 - R2, R3=0x1234, R2=0x2345 :
Z = 1 (should be 0)
N = 0 (should be 1)
passed: 0x0024: CMP R3 - R2, R3=0x1234, R2=0x1234 :

failed: 0x0024: CMP R3 - R2, R3=0x2345, R2=0x1234 :
Z = 1 (should be 0)
failed: 0x0026: TEST R0 :
Z = 1 (should be 0)
passed: 0x0028 JMP 0x1000 :

passed: 0x002c: JMP *R5, R5=0x2000 :

passed: 0x002e: JMP_Z 0x1010, Z=0 :

passed: 0x002e: JMP_Z 0x1010, Z=1 :

failed: 0x0032: JMP_NZ 0x1020, Z=0 :
PC = 0x0036 (should be 0x1020)
failed: 0x0032: JMP_NZ 0x1020, Z=1 :
PC = 0x1020 (should be 0x0036)
passed: 0x0046: CALL 0x1234, SP=0xF000 :

passed: 0x004a: CALL *R3, R3=0x3456, SP=0xF000 :

passed: 0x004c: RET, SP=0xEFFE, *SP=0x1234 :

passed: 0x004e: HALT
